AMath example: Elementary mathematical routines
-----------------------------------------------

  exp(0.00e+00) = 1.00e+00
  expf(1.00e+00) = 2.72e+00
  sin({0.00e+00, 1.57e+00}) = {0.00e+00, 1.00e+00}
  cos({0.00e+00, 1.57e+00}) = {1.00e+00, 0.00e+00}
  powf(2.0f, 3.0f) - 8.0f = 0.00e+00
  erf(20.0) - 1.0 = 0.00e+00
