ARMPL example: SVD of a matrix A using dgesdd
---------------------------------------------

Matrix A:
 -0.5700  -1.2800  -0.3900   0.2500
 -1.9300   1.0800  -0.3100  -2.1400
  2.3000   0.2400   0.4000  -0.3500
 -1.9300   0.6400  -0.6600   0.0800

Singular values of matrix A:
  3.9147   2.2959   1.1184   0.3237
