Rotation matrix:
 0.0  1.0
-1.0  0.0
Sparse vector x:
[ 0.0  0.0  1.0  0.0  0.0  2.0  3.0  0.0  4.0 ]
Dense vector y:
[ 1.0  2.0  3.0  4.0  5.0  6.0  7.0  8.0  9.0 ]
Rotated vector x:
[ 0.0  0.0  3.0  0.0  0.0  6.0  7.0  0.0  9.0 ]
Rotated vector y:
[ 1.0  2.0 -1.0  4.0  5.0 -2.0 -3.0  8.0 -4.0 ]
