Matrix C:
Values:
       2.0
       4.0
       6.0
       8.0
      11.0
       6.0
       7.0
       5.0
       8.0
       9.0
       7.0
      18.0
      11.0
      21.0
Column Indices:
  1
  3
  2
  4
  2
  3
  4
  1
  3
  4
  5
  3
  4
  5
Row Pointer:
  1
  3
  5
  9
 12
 15
