ARMPL example: double complex dot product using ZDOTU
-----------------------------------------------------

Vector x:
  1.000E+00+2.000E+00i
  2.000E+00+3.000E+00i
  3.000E+00+4.000E+00i
  4.000E+00+5.000E+00i

Vector y:
  1.000E+00-2.000E+00i
  2.000E+00-3.000E+00i
  3.000E+00-4.000E+00i
  4.000E+00-5.000E+00i

Result:
  8.400E+01+0.000E+00i
