ARMPL example: FFT of a complex sequence using fftw_plan_dft_3d
---------------------------------------------------------------

Components of discrete Fourier transform:

          Real    Imag
   1,1,1   (20.5396, 0.9982)
   1,1,2   ( 0.5627,-4.2139)
   1,1,3   ( 0.5466,-0.5738)
   1,1,4   ( 0.5445,-0.0999)
   1,1,5   ( 0.5429, 0.2602)
   1,2,1   (-0.7457, 0.4031)
   1,2,2   ( 3.1479, 0.4203)
   1,2,3   ( 0.4287, 0.4083)
   1,2,4   ( 0.0746, 0.4067)
   1,2,5   (-0.1944, 0.4055)
   2,1,1   (-3.3745, 1.8242)
   2,1,2   (14.2451, 1.9021)
   2,1,3   ( 1.9399, 1.8477)
   2,1,4   ( 0.3376, 1.8406)
   2,1,5   (-0.8795, 1.8352)
   2,2,1   (-1.3627,-2.5208)
   2,2,2   (-1.4209,10.6414)
   2,2,3   (-1.3803, 1.4491)
   2,2,4   (-1.3750, 0.2522)
   2,2,5   (-1.3709,-0.6570)

Original sequence as restored by inverse transform:

            Original            Restored
          Real    Imag        Real    Imag
   1,1,1   ( 1.5403, 0.8415)   ( 1.5403, 0.8415)
   1,1,2   ( 0.5839, 0.9093)   ( 0.5839, 0.9093)
   1,1,3   ( 0.0100, 0.1411)   ( 0.0100, 0.1411)
   1,1,4   ( 0.3464,-0.7568)   ( 0.3464,-0.7568)
   1,1,5   ( 1.2837,-0.9589)   ( 1.2837,-0.9589)
   1,2,1   ( 1.9602,-0.2794)   ( 1.9602,-0.2794)
   1,2,2   ( 1.7539, 0.6570)   ( 1.7539, 0.6570)
   1,2,3   ( 0.8545, 0.9894)   ( 0.8545, 0.9894)
   1,2,4   ( 0.0889, 0.4121)   ( 0.0889, 0.4121)
   1,2,5   ( 0.1609,-0.5440)   ( 0.1609,-0.5440)
   2,1,1   ( 1.0044,-1.0000)   ( 1.0044,-1.0000)
   2,1,2   ( 1.8439,-0.5366)   ( 1.8439,-0.5366)
   2,1,3   ( 1.9074, 0.4202)   ( 1.9074, 0.4202)
   2,1,4   ( 1.1367, 0.9906)   ( 1.1367, 0.9906)
   2,1,5   ( 0.2403, 0.6503)   ( 0.2403, 0.6503)
   2,2,1   ( 0.0423,-0.2879)   ( 0.0423,-0.2879)
   2,2,2   ( 0.7248,-0.9614)   ( 0.7248,-0.9614)
   2,2,3   ( 1.6603,-0.7510)   ( 1.6603,-0.7510)
   2,2,4   ( 1.9887, 0.1499)   ( 1.9887, 0.1499)
   2,2,5   ( 1.4081, 0.9129)   ( 1.4081, 0.9129)
