Matrix C:
Values:
      22.0
      24.0
       4.0
      18.0
      24.0
      56.0
      60.0
     102.0
      40.0
      98.0
      80.0
      96.0
     126.0
     100.0
     120.0
     192.0
     370.0
Column Indices:
  1
  2
  3
  2
  4
  5
  1
  2
  4
  5
  1
  2
  5
  1
  2
  3
  5
Row Pointer:
  1
  4
  7
 11
 14
 18
