Computed matrix C:
	Values: 		11001.0 2000.0 12000.0 9002.0 12000.0 28000.0 51000.0 20000.0 30000.0 49000.0 3.0 40000.0 48000.0 63000.0 4.0 50000.0 60000.0 185005.0 96000.0
	Column Indices: 	0 2 1 1 3 4 1 3 0 4 2 0 1 4 3 0 1 4 2
	Row Pointer: 		0 3 6 11 15 19
