Computed matrix C:
	Values: 		2.0 4.0 6.0 8.0 11.0 6.0 7.0 5.0 8.0 9.0 7.0 18.0 11.0 21.0
	Column Indices: 	0 2 1 3 1 2 3 0 2 3 4 2 3 4
	Row Pointer: 		0 2 4 8 11 14
