Computed solution vector x:
   1.0
   1.0
   1.0
   1.0
   1.0
   1.0
   1.0
   1.0
