ARMPL example: FFT of a complex sequence using fftw_plan_guru_split_dft
-----------------------------------------------------------------------

Original matrix, duplicated over the 3-d space:

Real component
  1.0  2.0  3.0
  4.0  5.0  6.0
  7.0  8.0  9.0
 10.0 11.0 12.0
 13.0 14.0 15.0
 16.0 17.0 18.0

Imaginary component
  1.0  1.1  1.2
  1.3  1.4  1.5
  1.6  1.7  1.8
  1.9  2.0  2.1
  2.2  2.3  2.4
  2.5  2.6  2.7

Reconstructed, scaled matrices in the 3-d space:

Real component.
 Matrix  0:         Matrix  1:
  1.0  2.0  3.0      1.0  2.0  3.0
  4.0  5.0  6.0      4.0  5.0  6.0
  7.0  8.0  9.0      7.0  8.0  9.0
 10.0 11.0 12.0     10.0 11.0 12.0
 13.0 14.0 15.0     13.0 14.0 15.0
 16.0 17.0 18.0     16.0 17.0 18.0

 Matrix  2:         Matrix  3:
  1.0  2.0  3.0      1.0  2.0  3.0
  4.0  5.0  6.0      4.0  5.0  6.0
  7.0  8.0  9.0      7.0  8.0  9.0
 10.0 11.0 12.0     10.0 11.0 12.0
 13.0 14.0 15.0     13.0 14.0 15.0
 16.0 17.0 18.0     16.0 17.0 18.0

 Matrix  4:         Matrix  5:
  1.0  2.0  3.0      1.0  2.0  3.0
  4.0  5.0  6.0      4.0  5.0  6.0
  7.0  8.0  9.0      7.0  8.0  9.0
 10.0 11.0 12.0     10.0 11.0 12.0
 13.0 14.0 15.0     13.0 14.0 15.0
 16.0 17.0 18.0     16.0 17.0 18.0

 Matrix  6:         Matrix  7:
  1.0  2.0  3.0      1.0  2.0  3.0
  4.0  5.0  6.0      4.0  5.0  6.0
  7.0  8.0  9.0      7.0  8.0  9.0
 10.0 11.0 12.0     10.0 11.0 12.0
 13.0 14.0 15.0     13.0 14.0 15.0
 16.0 17.0 18.0     16.0 17.0 18.0

 Matrix  8:         Matrix  9:
  1.0  2.0  3.0      1.0  2.0  3.0
  4.0  5.0  6.0      4.0  5.0  6.0
  7.0  8.0  9.0      7.0  8.0  9.0
 10.0 11.0 12.0     10.0 11.0 12.0
 13.0 14.0 15.0     13.0 14.0 15.0
 16.0 17.0 18.0     16.0 17.0 18.0

 Matrix 10:         Matrix 11:
  1.0  2.0  3.0      1.0  2.0  3.0
  4.0  5.0  6.0      4.0  5.0  6.0
  7.0  8.0  9.0      7.0  8.0  9.0
 10.0 11.0 12.0     10.0 11.0 12.0
 13.0 14.0 15.0     13.0 14.0 15.0
 16.0 17.0 18.0     16.0 17.0 18.0


Imaginary component.
 Matrix  0:         Matrix  1:
  1.0  1.1  1.2      1.0  1.1  1.2
  1.3  1.4  1.5      1.3  1.4  1.5
  1.6  1.7  1.8      1.6  1.7  1.8
  1.9  2.0  2.1      1.9  2.0  2.1
  2.2  2.3  2.4      2.2  2.3  2.4
  2.5  2.6  2.7      2.5  2.6  2.7

 Matrix  2:         Matrix  3:
  1.0  1.1  1.2      1.0  1.1  1.2
  1.3  1.4  1.5      1.3  1.4  1.5
  1.6  1.7  1.8      1.6  1.7  1.8
  1.9  2.0  2.1      1.9  2.0  2.1
  2.2  2.3  2.4      2.2  2.3  2.4
  2.5  2.6  2.7      2.5  2.6  2.7

 Matrix  4:         Matrix  5:
  1.0  1.1  1.2      1.0  1.1  1.2
  1.3  1.4  1.5      1.3  1.4  1.5
  1.6  1.7  1.8      1.6  1.7  1.8
  1.9  2.0  2.1      1.9  2.0  2.1
  2.2  2.3  2.4      2.2  2.3  2.4
  2.5  2.6  2.7      2.5  2.6  2.7

 Matrix  6:         Matrix  7:
  1.0  1.1  1.2      1.0  1.1  1.2
  1.3  1.4  1.5      1.3  1.4  1.5
  1.6  1.7  1.8      1.6  1.7  1.8
  1.9  2.0  2.1      1.9  2.0  2.1
  2.2  2.3  2.4      2.2  2.3  2.4
  2.5  2.6  2.7      2.5  2.6  2.7

 Matrix  8:         Matrix  9:
  1.0  1.1  1.2      1.0  1.1  1.2
  1.3  1.4  1.5      1.3  1.4  1.5
  1.6  1.7  1.8      1.6  1.7  1.8
  1.9  2.0  2.1      1.9  2.0  2.1
  2.2  2.3  2.4      2.2  2.3  2.4
  2.5  2.6  2.7      2.5  2.6  2.7

 Matrix 10:         Matrix 11:
  1.0  1.1  1.2      1.0  1.1  1.2
  1.3  1.4  1.5      1.3  1.4  1.5
  1.6  1.7  1.8      1.6  1.7  1.8
  1.9  2.0  2.1      1.9  2.0  2.1
  2.2  2.3  2.4      2.2  2.3  2.4
  2.5  2.6  2.7      2.5  2.6  2.7


