ARMPL example: Triangular Banded Solve (dtbsv)
---------------------------------------------------------------

Diag : n
Trans: n
Uplo : u

K : 2

Matrix A:
 11.0000  12.0000  13.0000  14.0000
 21.0000  22.0000  23.0000  24.0000
 31.0000  32.0000  33.0000  34.0000

Matrix A (formatted):
 31.0000  22.0000  13.0000   0.0000
  0.0000  32.0000  23.0000  14.0000
  0.0000   0.0000  33.0000  24.0000
  0.0000   0.0000   0.0000  34.0000

Vector X:
100.0000
200.0000
300.0000
400.0000

Vector b:
  2.4916
  0.7186
  0.5348
 11.7647
