ARMPL example: FFT of a 3d real sequence using fftw_plan_dft_r2c_3d
-------------------------------------------------------------------

Components of discrete Fourier transform:

   1,1,1   ( 4.5928+ 0.0000i)
   1,1,2   ( 0.1236+-0.5002i)
   1,1,3   ( 0.1220+-0.0530i)
   1,2,1   (-0.1667+ 0.0000i)
   1,2,2   ( 0.3302+ 0.0017i)
   1,2,3   ( 0.0563+ 0.0002i)
   2,1,1   (-0.7546+ 0.0000i)
   2,1,2   ( 1.4943+ 0.0075i)
   2,1,3   ( 0.2546+ 0.0008i)
   2,2,1   (-0.3047+ 0.0000i)
   2,2,2   (-0.3121+ 1.2632i)
   2,2,3   (-0.3080+ 0.1338i)

Original sequence as restored by inverse transform:

       Original  Restored
   1,1,1    1.5403    1.5403
   1,1,2    0.5839    0.5839
   1,1,3    0.0100    0.0100
   1,1,4    0.3464    0.3464
   1,1,5    1.2837    1.2837
   1,2,1    1.9602    1.9602
   1,2,2    1.7539    1.7539
   1,2,3    0.8545    0.8545
   1,2,4    0.0889    0.0889
   1,2,5    0.1609    0.1609
   2,1,1    1.0044    1.0044
   2,1,2    1.8439    1.8439
   2,1,3    1.9074    1.9074
   2,1,4    1.1367    1.1367
   2,1,5    0.2403    0.2403
   2,2,1    0.0423    0.0423
   2,2,2    0.7248    0.7248
   2,2,3    1.6603    1.6603
   2,2,4    1.9887    1.9887
   2,2,5    1.4081    1.4081
