ARMPL example: FFT of a real sequence using fftw_plan_guru_dft_r2c/c2r
----------------------------------------------------------------------

Original matrix, duplicated over the 3-d space:

  1.0  2.0  3.0  4.0  5.0
  6.0  7.0  8.0  9.0 10.0
 11.0 12.0 13.0 14.0 15.0
 16.0 17.0 18.0 19.0 20.0

Reconstructed, scaled matrices in the 3-d space:

 Matrix  0:                   Matrix  1:
  1.0  2.0  3.0  4.0  5.0      1.0  2.0  3.0  4.0  5.0
  6.0  7.0  8.0  9.0 10.0      6.0  7.0  8.0  9.0 10.0
 11.0 12.0 13.0 14.0 15.0     11.0 12.0 13.0 14.0 15.0
 16.0 17.0 18.0 19.0 20.0     16.0 17.0 18.0 19.0 20.0

 Matrix  2:                   Matrix  3:
  1.0  2.0  3.0  4.0  5.0      1.0  2.0  3.0  4.0  5.0
  6.0  7.0  8.0  9.0 10.0      6.0  7.0  8.0  9.0 10.0
 11.0 12.0 13.0 14.0 15.0     11.0 12.0 13.0 14.0 15.0
 16.0 17.0 18.0 19.0 20.0     16.0 17.0 18.0 19.0 20.0

 Matrix  4:                   Matrix  5:
  1.0  2.0  3.0  4.0  5.0      1.0  2.0  3.0  4.0  5.0
  6.0  7.0  8.0  9.0 10.0      6.0  7.0  8.0  9.0 10.0
 11.0 12.0 13.0 14.0 15.0     11.0 12.0 13.0 14.0 15.0
 16.0 17.0 18.0 19.0 20.0     16.0 17.0 18.0 19.0 20.0

 Matrix  6:                   Matrix  7:
  1.0  2.0  3.0  4.0  5.0      1.0  2.0  3.0  4.0  5.0
  6.0  7.0  8.0  9.0 10.0      6.0  7.0  8.0  9.0 10.0
 11.0 12.0 13.0 14.0 15.0     11.0 12.0 13.0 14.0 15.0
 16.0 17.0 18.0 19.0 20.0     16.0 17.0 18.0 19.0 20.0

 Matrix  8:                   Matrix  9:
  1.0  2.0  3.0  4.0  5.0      1.0  2.0  3.0  4.0  5.0
  6.0  7.0  8.0  9.0 10.0      6.0  7.0  8.0  9.0 10.0
 11.0 12.0 13.0 14.0 15.0     11.0 12.0 13.0 14.0 15.0
 16.0 17.0 18.0 19.0 20.0     16.0 17.0 18.0 19.0 20.0

 Matrix 10:                   Matrix 11:
  1.0  2.0  3.0  4.0  5.0      1.0  2.0  3.0  4.0  5.0
  6.0  7.0  8.0  9.0 10.0      6.0  7.0  8.0  9.0 10.0
 11.0 12.0 13.0 14.0 15.0     11.0 12.0 13.0 14.0 15.0
 16.0 17.0 18.0 19.0 20.0     16.0 17.0 18.0 19.0 20.0

