Estimate of pi:        3.142112
Number of iterations:  1000000
