ARMPL example: solution of linear equations using sgetrf/sgetrs
---------------------------------------------------------------

Matrix A:
  1.8000   2.8800   2.0500  -0.8900
  5.2500  -2.9500  -0.9500  -3.8000
  1.5800  -2.6900  -2.9000  -1.0400
 -1.1100  -0.6600  -0.5900   0.8000

Right-hand-side matrix B:
  9.5200  18.4700
 24.3500   2.2500
  0.7700 -13.2800
 -6.2200  -6.2100

Solution matrix X of equations A*X = B:
  1.0000   3.0000
 -1.0000   2.0000
  3.0000   4.0000
 -5.0000   1.0000
